{"event": "order_place_result", "symbol": "BTCUSDT", "kind": "entry", "order_id": "123", "executed_qty": "0.1", "avg_price": "50000"}
{"event": "order_place_requested", "symbol": "BTCUSDT", "kind": "stop_loss", "type": "STOP_MARKET", "close_position": true, "stop_price": 49000}
{'event': 'order_place_result', 'symbol': 'BTCUSDT', 'kind': 'stop_loss', 'order_id': <MagicMock name='mock.place_stop_loss_market().stop_order_id' id='3209145117936'>, 'stop_price': "<MagicMock name='mock.place_stop_loss_market().stop_price' id='3209145118272'>", 'close_position': <MagicMock name='mock.place_stop_loss_market().close_position' id='3209145118944'>}
{"event": "order_place_requested", "symbol": "BTCUSDT", "kind": "take_profit", "type": "TAKE_PROFIT_MARKET", "close_position": true, "take_profit_price": 51000}
{'event': 'order_place_result', 'symbol': 'BTCUSDT', 'kind': 'take_profit', 'order_id': <MagicMock name='mock.place_take_profit_market().tp_order_id' id='3209145119280'>, 'take_profit_price': "<MagicMock name='mock.place_take_profit_market().tp_price' id='3209145119616'>", 'close_position': <MagicMock name='mock.place_take_profit_market().close_position' id='3209145120288'>}
{"event": "market_data_fetched", "symbol": "BTCUSDT", "duration_ms": 19, "keys": ["funding_rate", "klines_15m", "klines_1h", "klines_1m", "oi_hist", "orderbook", "premium_index", "symbol"]}
{"event": "order_place_requested", "symbol": "BTCUSDT", "kind": "partial_tp", "type": "LIMIT", "reduce_only": true, "side": "BUY", "price": "49800.0", "quantity": "0.05"}
{'event': 'order_place_result', 'symbol': 'BTCUSDT', 'kind': 'partial_tp', 'order_id': None, 'resp': <MagicMock name='mock.place_limit_reduce_order()' id='3209147187616'>}
{"event": "execute_trade_request", "symbol": "BTCUSDT", "action": "OPEN", "direction": "LONG", "confidence": 0.9, "params": {"leverage": 5, "usdt_amount": 100, "stop_loss": 49000, "take_profit": 51000}}
{"event": "leverage_set_requested", "symbol": "BTCUSDT", "leverage": 5}
{"event": "leverage_set_result", "symbol": "BTCUSDT", "resp": {"leverage": 5}}
{"event": "order_place_requested", "symbol": "BTCUSDT", "kind": "entry", "type": "MARKET", "side": "OPEN", "usdt_amount": "100"}
{"event": "order_place_result", "symbol": "BTCUSDT", "kind": "entry", "order_id": "123", "executed_qty": "0.1", "avg_price": "50000"}
{"event": "order_place_requested", "symbol": "BTCUSDT", "kind": "stop_loss", "type": "STOP_MARKET", "close_position": true, "stop_price": 49000}
{'event': 'order_place_result', 'symbol': 'BTCUSDT', 'kind': 'stop_loss', 'order_id': <MagicMock name='mock.place_stop_loss_market().stop_order_id' id='3209145117936'>, 'stop_price': "<MagicMock name='mock.place_stop_loss_market().stop_price' id='3209145118272'>", 'close_position': <MagicMock name='mock.place_stop_loss_market().close_position' id='3209145118944'>}
{"event": "order_place_requested", "symbol": "BTCUSDT", "kind": "take_profit", "type": "TAKE_PROFIT_MARKET", "close_position": true, "take_profit_price": 51000}
{'event': 'order_place_result', 'symbol': 'BTCUSDT', 'kind': 'take_profit', 'order_id': <MagicMock name='mock.place_take_profit_market().tp_order_id' id='3209145119280'>, 'take_profit_price': "<MagicMock name='mock.place_take_profit_market().tp_price' id='3209145119616'>", 'close_position': <MagicMock name='mock.place_take_profit_market().close_position' id='3209145120288'>}
{"event": "market_data_fetched", "symbol": "BTCUSDT", "duration_ms": 7, "keys": ["funding_rate", "klines_15m", "klines_1h", "klines_1m", "oi_hist", "orderbook", "premium_index", "symbol"]}
{"event": "order_place_requested", "symbol": "BTCUSDT", "kind": "partial_tp", "type": "LIMIT", "reduce_only": true, "side": "BUY", "price": "49800.0", "quantity": "0.05"}
{'event': 'order_place_result', 'symbol': 'BTCUSDT', 'kind': 'partial_tp', 'order_id': None, 'resp': <MagicMock name='mock.place_limit_reduce_order()' id='3209147187616'>}
