{"event": "market_data_fetched", "symbol": "SUIUSDT", "duration_ms": 2236, "kline_count": 100, "current_price": 1.4401}
{"event": "analysis_generated", "symbol": "SUIUSDT", "duration_ms": 2244, "score": 45, "direction_score": -1.5, "current_price": 1.4401}
{"event": "llm_monitor_request", "symbol": "SUIUSDT", "pnl_pct": -0.0818204155287559, "has_sl": true}
{"event": "llm_monitor_response", "symbol": "SUIUSDT", "data": {"action": "ADJUST_TP_SL", "reasoning": "The current PnL is slightly negative (-0.08%), and the Direction Score is -1.5, indicating a weak bearish trend. However, the trade is not yet invalid, and there is no immediate need to close it. The stop loss and take profit levels are set, but the partial take profit is needed to secure some profit early. Adjusting the TP/SL levels and adding a partial TP will help manage risk and lock in some profits if the price moves favorably.", "new_stop_loss": 1.455, "new_take_profit": 1.415, "partial_tp_price": 1.425}}
{"event": "market_data_fetched", "symbol": "SUIUSDT", "duration_ms": 2221, "kline_count": 100, "current_price": 1.439}
{"event": "analysis_generated", "symbol": "SUIUSDT", "duration_ms": 2227, "score": 45, "direction_score": -1.5, "current_price": 1.4392}
{"event": "llm_monitor_request", "symbol": "SUIUSDT", "pnl_pct": -0.013896609227348524, "has_sl": true}
{"event": "llm_monitor_response", "symbol": "SUIUSDT", "data": {"action": "HOLD", "reasoning": "The current PnL is only -0.01%, which is negligible, and the Direction Score of -1.5 suggests a slight bearish bias but not strong enough to warrant immediate action. The trade has both SL and TP set, so there's no need to adjust them yet. Since the Profit Locked is False and the PnL is not bad, holding the position is the best course of action to see if the trend develops further.", "new_stop_loss": null, "new_take_profit": null, "partial_tp_price": null}}
{"event": "market_data_fetched", "symbol": "SUIUSDT", "duration_ms": 2226, "kline_count": 100, "current_price": 1.4397}
{"event": "analysis_generated", "symbol": "SUIUSDT", "duration_ms": 2232, "score": 45, "direction_score": -1.5, "current_price": 1.4398}
{"event": "llm_monitor_request", "symbol": "SUIUSDT", "pnl_pct": -0.04786057672942294, "has_sl": true}
{"event": "llm_monitor_response", "symbol": "SUIUSDT", "data": {"action": "ADJUST_TP_SL", "reasoning": "The current PnL is slightly negative (-0.05%), and the Direction Score is -1.5, indicating weak bearish momentum. However, the trade is not yet invalidated. Since there is no partial TP set and 'Need Partial TP' is True, it's prudent to secure some profit by setting a partial TP. Additionally, adjusting the SL and TP to tighter levels can help manage risk better given the weak momentum.", "new_stop_loss": 1.445, "new_take_profit": 1.425, "partial_tp_price": 1.43}}
{"event": "market_data_fetched", "symbol": "SUIUSDT", "duration_ms": 2223, "kline_count": 100, "current_price": 1.439}
{"event": "analysis_generated", "symbol": "SUIUSDT", "duration_ms": 2228, "score": 45, "direction_score": -1.5, "current_price": 1.439}
{"event": "llm_monitor_request", "symbol": "SUIUSDT", "pnl_pct": 0.013350462414707043, "has_sl": true}
{"event": "llm_monitor_response", "symbol": "SUIUSDT", "data": {"action": "ADJUST_TP_SL", "reasoning": "The trade has a slightly positive PnL but a negative Direction Score, indicating weak momentum in the short direction. The current SL and TP are set, but the trade could benefit from a partial TP to lock in some profits early given the uncertain trend. Adjusting TP/SL to manage risk while allowing for potential further downside.", "new_stop_loss": 1.445, "new_take_profit": 1.425, "partial_tp_price": 1.432}}
{"event": "market_data_fetched", "symbol": "SUIUSDT", "duration_ms": 2204, "kline_count": 100, "current_price": 1.4405}
{"event": "analysis_generated", "symbol": "SUIUSDT", "duration_ms": 2208, "score": 35, "direction_score": -1.5, "current_price": 1.4406}
{"event": "llm_monitor_request", "symbol": "SUIUSDT", "pnl_pct": -0.10114158630801329, "has_sl": true}
{"event": "llm_monitor_response", "symbol": "SUIUSDT", "data": {"action": "ADJUST_TP_SL", "reasoning": "The current PnL is slightly negative (-0.10%), but the Direction Score is -1.5, indicating a weak bearish trend. Since there is no TP set and the SL is very close to the entry, it's prudent to adjust the SL and set a TP to manage risk and potential profit. Given the weak trend, a conservative approach is recommended.", "new_stop_loss": 1.445, "new_take_profit": 1.42, "partial_tp_price": 1.43}}
{"event": "market_data_fetched", "symbol": "SUIUSDT", "duration_ms": 2229, "kline_count": 100, "current_price": 1.4408}
{"event": "analysis_generated", "symbol": "SUIUSDT", "duration_ms": 2236, "score": 35, "direction_score": -1.5, "current_price": 1.4408}
{"event": "llm_monitor_request", "symbol": "SUIUSDT", "pnl_pct": -0.1111728738187882, "has_sl": true}
{"event": "llm_monitor_response", "symbol": "SUIUSDT", "data": {"action": "ADJUST_TP_SL", "reasoning": "The trade has a negative PnL and a weak directional score (-1.5), but the trend isn't conclusively invalid yet. The current stop loss is set, but the take profit could be optimized to better manage risk. Adding a partial take profit will help secure some gains if the price moves favorably before hitting the full TP.", "new_stop_loss": 1.445, "new_take_profit": 1.42, "partial_tp_price": 1.43}}
{"event": "market_data_fetched", "symbol": "SUIUSDT", "duration_ms": 2222, "kline_count": 100, "current_price": 1.4395}
{"event": "analysis_generated", "symbol": "SUIUSDT", "duration_ms": 2229, "score": 35, "direction_score": -1.5, "current_price": 1.4394}
{"event": "llm_monitor_request", "symbol": "SUIUSDT", "pnl_pct": -0.020844913841022786, "has_sl": true}
{"event": "llm_monitor_response", "symbol": "SUIUSDT", "data": {"action": "CLOSE", "reasoning": "The PnL is slightly negative (-0.02%), but the Direction Score is -1.5, indicating a weak or invalid trend. Given the low Score (35) and negative Direction Score, the trade setup is not favorable. Protecting capital is prioritized over holding a weak position.", "new_stop_loss": null, "new_take_profit": null, "partial_tp_price": null}}
{"event": "market_data_fetched", "symbol": "SUIUSDT", "duration_ms": 2235, "kline_count": 100, "current_price": 1.4403}
{"event": "analysis_generated", "symbol": "SUIUSDT", "duration_ms": 2243, "score": 45, "direction_score": -1.5, "current_price": 1.4403}
{"event": "llm_monitor_request", "symbol": "SUIUSDT", "pnl_pct": -0.02580029164641344, "has_sl": false}
{"event": "llm_monitor_response", "symbol": "SUIUSDT", "data": {"action": "ADJUST_TP_SL", "reasoning": "The trade currently lacks a stop loss (SL), which is critical for risk management. Although the PnL is slightly negative (-0.03%), the Direction Score (-1.5) suggests weak bearish momentum but not a clear invalidation of the trend. Setting a stop loss will protect against unexpected upward moves while maintaining the existing take profit (TP) at 1.41 aligns with the initial bearish outlook. A partial take profit is also recommended to lock in some gains if the price moves favorably.", "new_stop_loss": 1.4501, "new_take_profit": 1.41, "partial_tp_price": 1.425}}
{"event": "market_data_fetched", "symbol": "SUIUSDT", "duration_ms": 2235, "kline_count": 100, "current_price": 1.4404}
{"event": "analysis_generated", "symbol": "SUIUSDT", "duration_ms": 2238, "score": 65, "direction_score": -2.5, "current_price": 1.4404}
{"event": "llm_monitor_request", "symbol": "SUIUSDT", "pnl_pct": -0.02083188667453649, "has_sl": true}
{"event": "llm_monitor_response", "symbol": "SUIUSDT", "data": {"action": "ADJUST_TP_SL", "reasoning": "The trade currently has a stop loss but no take profit. Given the Direction Score of -2.5, indicating slight bearish momentum, it's prudent to set a take profit to secure potential gains. Additionally, since 'Need Partial TP' is True, a partial take profit should be set to lock in some profits early.", "new_stop_loss": 1.4501, "new_take_profit": 1.4201, "partial_tp_price": 1.4301}}
{"event": "market_data_fetched", "symbol": "SUIUSDT", "duration_ms": 2235, "kline_count": 100, "current_price": 1.4387}
{"event": "analysis_generated", "symbol": "SUIUSDT", "duration_ms": 2242, "score": 45, "direction_score": -1.5, "current_price": 1.4391}
{"event": "llm_monitor_request", "symbol": "SUIUSDT", "pnl_pct": 0.07638358447330046, "has_sl": true}
{"event": "llm_monitor_response", "symbol": "SUIUSDT", "data": {"action": "ADJUST_TP_SL", "reasoning": "The current PnL is minimal (0.08%) and the Direction Score is negative (-1.5), indicating weak momentum in the short direction. However, the trade is not yet invalid. Since Partial TP is needed and no TP/SL adjustments have been made yet, it's prudent to secure partial profits and adjust risk parameters.", "new_stop_loss": 1.4501, "new_take_profit": 1.4201, "partial_tp_price": 1.4301}}
{"event": "market_data_fetched", "symbol": "SUIUSDT", "duration_ms": 2235, "kline_count": 100, "current_price": 1.439}
{"event": "analysis_generated", "symbol": "SUIUSDT", "duration_ms": 2242, "score": 45, "direction_score": -1.5, "current_price": 1.4393}
{"event": "llm_monitor_request", "symbol": "SUIUSDT", "pnl_pct": 0.06943962224845497, "has_sl": true}
{"event": "llm_monitor_response", "symbol": "SUIUSDT", "data": {"action": "ADJUST_TP_SL", "reasoning": "The trade has a small positive PnL (0.07%) but lacks a partial take profit despite the 'Need Partial TP' flag being True. The Direction Score is slightly negative (-1.5), indicating weak bearish momentum, but not enough to warrant closing immediately. Adjusting TP/SL and adding a partial TP will help secure some profit while managing risk.", "new_stop_loss": 1.4501, "new_take_profit": 1.4201, "partial_tp_price": 1.4301}}
{"event": "market_data_fetched", "symbol": "SUIUSDT", "duration_ms": 2212, "kline_count": 100, "current_price": 1.4403}
{"event": "analysis_generated", "symbol": "SUIUSDT", "duration_ms": 2217, "score": 45, "direction_score": -1.5, "current_price": 1.4403}
{"event": "llm_monitor_request", "symbol": "SUIUSDT", "pnl_pct": -0.013887924449690992, "has_sl": true}
{"event": "llm_monitor_response", "symbol": "SUIUSDT", "data": {"action": "ADJUST_TP_SL", "reasoning": "The current PnL is minimal (-0.01%) and the Direction Score is slightly negative (-1.5), indicating weak bearish momentum. However, the trade is not yet invalid. Since Partial TP is needed, we will adjust TP/SL to secure partial profits early while maintaining downside potential.", "new_stop_loss": 1.4501, "new_take_profit": 1.4201, "partial_tp_price": 1.4301}}
{"event": "market_data_fetched", "symbol": "SUIUSDT", "duration_ms": 2228, "kline_count": 100, "current_price": 1.4403}
{"event": "analysis_generated", "symbol": "SUIUSDT", "duration_ms": 2231, "score": 45, "direction_score": -1.5, "current_price": 1.4403}
{"event": "llm_monitor_request", "symbol": "SUIUSDT", "pnl_pct": -0.017679981965825643, "has_sl": true}
{"event": "llm_monitor_response", "symbol": "SUIUSDT", "data": {"action": "ADJUST_TP_SL", "reasoning": "The current PnL is slightly negative (-0.02%), and the Direction Score is -1.5, indicating a weak bearish trend. However, the trade is not yet invalidated. Since Partial TP is needed, we will adjust the TP/SL levels and set a partial TP to secure some profit early.", "new_stop_loss": 1.4501, "new_take_profit": 1.4201, "partial_tp_price": 1.4301}}
{"event": "market_data_fetched", "symbol": "SUIUSDT", "duration_ms": 2226, "kline_count": 100, "current_price": 1.4395}
{"event": "analysis_generated", "symbol": "SUIUSDT", "duration_ms": 2231, "score": 45, "direction_score": -1.5, "current_price": 1.4395}
{"event": "llm_monitor_request", "symbol": "SUIUSDT", "pnl_pct": 0.04166377334907298, "has_sl": true}
{"event": "llm_monitor_response", "symbol": "SUIUSDT", "data": {"action": "ADJUST_TP_SL", "reasoning": "The trade currently has a small PnL (0.04%) and a negative Direction Score (-1.5), indicating weak momentum in the short direction. However, the trade is not yet in a bad state, so adjusting the stop-loss and take-profit levels is preferred over closing. Since 'Partial TP' is needed, a partial take-profit level will be set to secure some profit early.", "new_stop_loss": 1.4451, "new_take_profit": 1.4201, "partial_tp_price": 1.4301}}
{"event": "market_data_fetched", "symbol": "SUIUSDT", "duration_ms": 2220, "kline_count": 100, "current_price": 1.4401}
{"event": "analysis_generated", "symbol": "SUIUSDT", "duration_ms": 2227, "score": 30, "direction_score": -1.5, "current_price": 1.4401}
{"event": "llm_monitor_request", "symbol": "SUIUSDT", "pnl_pct": -0.0014831900763735207, "has_sl": true}
{"event": "llm_monitor_response", "symbol": "SUIUSDT", "data": {"action": "ADJUST_TP_SL", "reasoning": "The current position has a neutral PnL (-0.00%) and the Direction Score is slightly negative (-1.5), indicating weak bearish momentum. However, the trade is not yet invalid. Since Partial TP is needed, we will adjust the TP/SL levels and set a partial TP to secure some profit early.", "new_stop_loss": 1.4451, "new_take_profit": 1.4201, "partial_tp_price": 1.4301}}
{"event": "market_data_fetched", "symbol": "SUIUSDT", "duration_ms": 2222, "kline_count": 100, "current_price": 1.4417}
{"event": "analysis_generated", "symbol": "SUIUSDT", "duration_ms": 2227, "score": 30, "direction_score": -1.5, "current_price": 1.4418}
{"event": "llm_monitor_request", "symbol": "SUIUSDT", "pnl_pct": -0.1173251857509895, "has_sl": false}
{"event": "llm_monitor_response", "symbol": "SUIUSDT", "data": {"action": "ADJUST_TP_SL", "reasoning": "The trade currently lacks a stop loss, which is essential for risk management. Although the PnL is slightly negative (-0.12%), the Direction Score (-1.5) suggests weak bearish momentum, but not necessarily invalid. Setting a stop loss and take profit will help manage risk while allowing the trade room to develop. A partial take profit is also needed to secure some profits early.", "new_stop_loss": 1.4501, "new_take_profit": 1.4201, "partial_tp_price": 1.4301}}
{"event": "market_data_fetched", "symbol": "SUIUSDT", "duration_ms": 2352, "kline_count": 100, "current_price": 1.443}
{"event": "analysis_generated", "symbol": "SUIUSDT", "duration_ms": 2356, "score": 15, "direction_score": 0.5, "current_price": 1.443}
{"event": "llm_monitor_request", "symbol": "SUIUSDT", "pnl_pct": -0.2071161523605949, "has_sl": true}
{"event": "llm_monitor_response", "symbol": "SUIUSDT", "data": {"action": "ADJUST_TP_SL", "reasoning": "The current PnL is slightly negative (-0.21%), but the Direction Score is neutral (0.5), indicating no strong trend reversal yet. The trade is still within acceptable risk parameters, and the SL/TP levels are set but could be optimized. Since 'Partial TP' is needed, we'll adjust the TP/SL and introduce a partial TP to secure some profit early.", "new_stop_loss": 1.4501, "new_take_profit": 1.4201, "partial_tp_price": 1.4301}}
{"event": "market_data_fetched", "symbol": "SUIUSDT", "duration_ms": 2237, "kline_count": 100, "current_price": 1.4424}
{"event": "analysis_generated", "symbol": "SUIUSDT", "duration_ms": 2240, "score": 30, "direction_score": -1.5, "current_price": 1.4424}
{"event": "llm_monitor_request", "symbol": "SUIUSDT", "pnl_pct": -0.15971113117144642, "has_sl": true}
{"event": "llm_monitor_response", "symbol": "SUIUSDT", "data": {"action": "ADJUST_TP_SL", "reasoning": "The current PnL is slightly negative (-0.16%), and the Direction Score is -1.5, indicating a weak bearish trend. However, the trade lacks a Take Profit level, which is essential for risk management. Setting a TP and adjusting the SL will help define the risk-reward ratio. Since 'Need Partial TP' is True, a partial TP will be set to secure some profit early.", "new_stop_loss": 1.4501, "new_take_profit": 1.4201, "partial_tp_price": 1.4301}}
{"event": "market_data_fetched", "symbol": "SUIUSDT", "duration_ms": 2223, "kline_count": 100, "current_price": 1.4389}
{"event": "analysis_generated", "symbol": "SUIUSDT", "duration_ms": 2230, "score": 45, "direction_score": -1.5, "current_price": 1.4389}
{"event": "llm_monitor_request", "symbol": "SUIUSDT", "pnl_pct": 0.09027150892299146, "has_sl": true}
{"event": "llm_monitor_response", "symbol": "SUIUSDT", "data": {"action": "ADJUST_TP_SL", "reasoning": "The current position has a small PnL (0.09%) and lacks a take profit level. The Direction Score is negative (-1.5), indicating weak bearish momentum, but not invalidating the trend entirely. To protect capital and secure potential profits, setting a stop loss and take profit is necessary. A partial take profit is also needed as per the requirement.", "new_stop_loss": 1.4501, "new_take_profit": 1.4301, "partial_tp_price": 1.4351}}
{"event": "market_data_fetched", "symbol": "SUIUSDT", "duration_ms": 3532, "kline_count": 100, "current_price": 1.4392}
{"event": "analysis_generated", "symbol": "SUIUSDT", "duration_ms": 3538, "score": 45, "direction_score": -1.5, "current_price": 1.4392}
{"event": "llm_monitor_request", "symbol": "SUIUSDT", "pnl_pct": 0.058811888063328925, "has_sl": true}
{"event": "llm_monitor_response", "symbol": "SUIUSDT", "data": {"action": "ADJUST_TP_SL", "reasoning": "The current PnL is minimal (0.06%) and the Direction Score is negative (-1.5), indicating weak bearish momentum. However, the trade is not yet invalid, so adjusting the stop-loss and take-profit levels is prudent to manage risk and secure potential profits. Since 'Partial TP: Need True', setting a partial take-profit level will help lock in some gains if the price moves favorably.", "new_stop_loss": 1.4451, "new_take_profit": 1.4251, "partial_tp_price": 1.4351}}
{"event": "market_data_fetched", "symbol": "SUIUSDT", "duration_ms": 2210, "kline_count": 100, "current_price": 1.4389}
{"event": "analysis_generated", "symbol": "SUIUSDT", "duration_ms": 2215, "score": 45, "direction_score": -1.5, "current_price": 1.4389}
{"event": "llm_monitor_request", "symbol": "SUIUSDT", "pnl_pct": 0.08557527707918833, "has_sl": false}
{"event": "llm_monitor_response", "symbol": "SUIUSDT", "data": {"action": "ADJUST_TP_SL", "reasoning": "The current position lacks a stop loss (SL), which is critical for risk management. The Direction Score is slightly negative (-1.5), indicating weak bearish momentum, but not strong enough to warrant closing immediately. Setting a stop loss and take profit will help protect capital and lock in profits if the trend continues.", "new_stop_loss": 1.4501, "new_take_profit": 1.4251, "partial_tp_price": 1.4326}}
{"event": "market_data_fetched", "symbol": "SUIUSDT", "duration_ms": 2219, "kline_count": 100, "current_price": 1.4399}
{"event": "analysis_generated", "symbol": "SUIUSDT", "duration_ms": 2225, "score": 65, "direction_score": -2.5, "current_price": 1.4406}
{"event": "llm_monitor_request", "symbol": "SUIUSDT", "pnl_pct": -0.04325670821973916, "has_sl": true}
{"event": "llm_monitor_response", "symbol": "SUIUSDT", "data": {"action": "ADJUST_TP_SL", "reasoning": "The trade has a negative PnL and the direction score is slightly negative (-2.5), but the overall score is neutral (65). Adjusting the stop loss and take profit levels will help manage risk while giving the trade room to develop. Since 'Partial TP' is needed, setting a partial take profit level will secure some profits if the price moves favorably.", "new_stop_loss": 1.4451, "new_take_profit": 1.4201, "partial_tp_price": 1.4301}}
{"event": "market_data_fetched", "symbol": "SUIUSDT", "duration_ms": 2232, "kline_count": 100, "current_price": 1.4392}
{"event": "analysis_generated", "symbol": "SUIUSDT", "duration_ms": 2238, "score": 65, "direction_score": -2.5, "current_price": 1.4394}
{"event": "llm_monitor_request", "symbol": "SUIUSDT", "pnl_pct": 0.048607735573918474, "has_sl": true}
{"event": "llm_monitor_response", "symbol": "SUIUSDT", "data": {"action": "ADJUST_TP_SL", "reasoning": "The current PnL is minimal (0.05%) and the Direction Score is slightly negative (-2.5), indicating weak bearish momentum. However, the trade is not yet invalid. Since the position lacks a partial TP and the profit is not significant enough to move SL to break-even, we should adjust the TP/SL to secure potential gains and limit risk. A partial TP is needed to lock in some profit early.", "new_stop_loss": 1.4451, "new_take_profit": 1.4201, "partial_tp_price": 1.4301}}
{"event": "market_data_fetched", "symbol": "SUIUSDT", "duration_ms": 2913, "kline_count": 100, "current_price": 1.4396}
{"event": "analysis_generated", "symbol": "SUIUSDT", "duration_ms": 2919, "score": 45, "direction_score": -1.5, "current_price": 1.4399}
{"event": "llm_monitor_request", "symbol": "SUIUSDT", "pnl_pct": 0.02390247657922306, "has_sl": true}
{"event": "llm_monitor_response", "symbol": "SUIUSDT", "data": {"action": "ADJUST_TP_SL", "reasoning": "The trade has a negative direction score (-1.5) and a low overall score (45), indicating weak momentum favoring the short position. However, the PnL is neutral (0.02%), and the SL/TP levels are already set but could be optimized. Since 'Partial TP' is needed, we'll adjust TP/SL and add a partial TP to secure some profit early.", "new_stop_loss": 1.4451, "new_take_profit": 1.4201, "partial_tp_price": 1.4301}}
{"event": "market_data_fetched", "symbol": "SUIUSDT", "duration_ms": 2219, "kline_count": 100, "current_price": 1.4391}
{"event": "analysis_generated", "symbol": "SUIUSDT", "duration_ms": 2225, "score": 45, "direction_score": -1.5, "current_price": 1.4391}
{"event": "llm_monitor_request", "symbol": "SUIUSDT", "pnl_pct": 0.0629407277473686, "has_sl": true}
{"event": "llm_monitor_response", "symbol": "SUIUSDT", "data": {"action": "ADJUST_TP_SL", "reasoning": "The current position has a minimal PnL (0.06%) and lacks a take profit level, which is essential for risk management. The Direction Score of -1.5 suggests slight bearish momentum, but the overall Score of 45 indicates weak confidence. Setting a TP and adjusting the SL will help protect capital and lock in profits if the trend continues favorably.", "new_stop_loss": 1.4451, "new_take_profit": 1.4301, "partial_tp_price": 1.4351}}
