{"event": "market_data_fetched", "symbol": "RESOLVUSDT", "duration_ms": 2224, "kline_count": 100, "current_price": 0.12481}
{"event": "analysis_generated", "symbol": "RESOLVUSDT", "duration_ms": 2227, "score": 65, "direction_score": 3.5, "current_price": 0.12487}
{"event": "llm_monitor_request", "symbol": "RESOLVUSDT", "pnl_pct": 0.39974280662272943, "has_sl": true}
{"event": "llm_monitor_response", "symbol": "RESOLVUSDT", "data": {"action": "ADJUST_TP_SL", "reasoning": "The current PnL is minimal (0.40%) and the Direction Score is neutral (3.5), suggesting weak momentum. To protect capital and lock in potential gains, adjust the stop-loss to breakeven (0.12442) and set a partial take-profit at 0.13 to secure some profits early. This balances risk management with the possibility of further upside.", "new_stop_loss": 0.12442, "new_take_profit": 0.14, "partial_tp_price": 0.13}}
{"event": "llm_monitor_request", "symbol": "RESOLVUSDT", "pnl_pct": -0.22504420511171838, "has_sl": false}
{"event": "llm_monitor_response", "symbol": "RESOLVUSDT", "data": {"action": "CLOSE", "reasoning": "The Direction Score of 3.5 indicates weak bullish momentum, and the overall Score of 50 suggests neutral sentiment with no clear edge. The position is currently at a slight loss (-0.23%), and there is no stop-loss or take-profit in place, exposing capital to unnecessary risk. Given the lack of strong directional bias and absence of risk management parameters, closing the position is the prudent decision to protect capital.", "new_stop_loss": null, "new_take_profit": null, "partial_tp_price": null}}
{"event": "market_data_fetched", "symbol": "RESOLVUSDT", "duration_ms": 2274, "kline_count": 100, "current_price": 0.1239}
{"event": "analysis_generated", "symbol": "RESOLVUSDT", "duration_ms": 2278, "score": 65, "direction_score": 3.5, "current_price": 0.12385}
{"event": "llm_monitor_request", "symbol": "RESOLVUSDT", "pnl_pct": 0.10283779270754617, "has_sl": true}
{"event": "llm_monitor_response", "symbol": "RESOLVUSDT", "data": {"action": "HOLD", "reasoning": "The current PnL is only 0.10%, which is below the threshold for considering profit locking or adjusting SL to break-even (1.5%). The Direction Score of 3.5 suggests weak but not invalid trend confirmation. Since the trade has an active SL (0.115) and TP (0.14), no immediate adjustment is needed. However, monitor closely for trend deterioration or strength.", "new_stop_loss": null, "new_take_profit": null, "partial_tp_price": null}}
{"event": "market_data_fetched", "symbol": "RESOLVUSDT", "duration_ms": 2272, "kline_count": 100, "current_price": 0.12388}
{"event": "analysis_generated", "symbol": "RESOLVUSDT", "duration_ms": 2280, "score": 65, "direction_score": 3.5, "current_price": 0.12392}
{"event": "llm_monitor_request", "symbol": "RESOLVUSDT", "pnl_pct": 0.1009486387199841, "has_sl": true}
{"event": "llm_monitor_response", "symbol": "RESOLVUSDT", "data": {"action": "HOLD", "reasoning": "The current PnL is only 0.10%, which is below the threshold for considering profit locking or adjusting SL to break-even (1.5%). The Direction Score of 3.5 suggests weak but not invalid trend confirmation. Since the trade has a defined SL (0.115) and TP (0.14), and no immediate risk or strong trend reversal signals are present, holding the position is prudent. A partial TP could be considered if the price approaches 0.14 to lock in some profits while letting the remainder run.", "new_stop_loss": 0.115, "new_take_profit": 0.14, "partial_tp_price": null}}
{"event": "llm_monitor_request", "symbol": "RESOLVUSDT", "pnl_pct": 1.1827718623666466, "has_sl": true}
{"event": "llm_monitor_request", "symbol": "RESOLVUSDT", "pnl_pct": 1.5674891912952615, "has_sl": true}
{"event": "llm_monitor_response", "symbol": "RESOLVUSDT", "data": {"action": "ADJUST_TP_SL", "reasoning": "Current PnL is positive (1.57%) and the suggested SL is at break-even (0.1241) to protect profits. The trend direction score is weak (2.5), indicating limited upside potential. Adjusting SL to secure profits while maintaining TP at 0.14 aligns with risk management principles.", "new_stop_loss": 0.1241, "new_take_profit": 0.14, "partial_tp_price": null}}
{"event": "llm_monitor_request", "symbol": "RESOLVUSDT", "pnl_pct": 1.86998795522673, "has_sl": false}
{"event": "llm_monitor_response", "symbol": "RESOLVUSDT", "data": {"action": "ADJUST_TP_SL", "reasoning": "The trade currently has a PnL of 1.87%, which is above the 1.5% threshold, suggesting it's prudent to protect profits by moving the stop loss to break-even. Additionally, the absence of SL/TP levels poses unnecessary risk. The Direction Score of 3.5 indicates weak momentum, so securing profits and defining risk parameters is prioritized over adding or holding aggressively.", "new_stop_loss": 0.1238649689441, "new_take_profit": null, "partial_tp_price": null}}
{"event": "llm_monitor_request", "symbol": "RESOLVUSDT", "pnl_pct": 2.0605987485871604, "has_sl": false}
{"event": "llm_monitor_response", "symbol": "RESOLVUSDT", "data": {"action": "ADJUST_TP_SL", "reasoning": "Current PnL is positive (2.06%) and profit locking is enabled, suggesting a need to protect gains. The trade lacks SL/TP, which should be set immediately. The suggested SL (0.1241) aligns with protecting profits near break-even. Direction score (3.5) is neutral, but the overall score (65) is acceptable.", "new_stop_loss": 0.1241, "new_take_profit": null, "partial_tp_price": null}}
{"event": "llm_monitor_request", "symbol": "RESOLVUSDT", "pnl_pct": 1.691390243633361, "has_sl": false}
{"event": "llm_monitor_response", "symbol": "RESOLVUSDT", "data": {"action": "ADJUST_TP_SL", "reasoning": "The trade currently has a PnL of 1.69%, which is above the 1.5% threshold, suggesting it's prudent to protect profits by moving the stop loss to break-even. Additionally, the absence of SL/TP levels poses unnecessary risk. The Direction Score of 2.5 indicates weak trend confirmation, but not outright invalidation, so adjusting rather than closing is preferred.", "new_stop_loss": 0.1238649689441, "new_take_profit": null, "partial_tp_price": null}}
{"event": "market_data_fetched", "symbol": "RESOLVUSDT", "duration_ms": 2134, "kline_count": 100, "current_price": 0.12612}
{"event": "analysis_generated", "symbol": "RESOLVUSDT", "duration_ms": 2142, "score": 45, "direction_score": 2.5, "current_price": 0.12612}
{"event": "llm_monitor_request", "symbol": "RESOLVUSDT", "pnl_pct": 1.7805195599696233, "has_sl": false}
{"event": "llm_monitor_request", "symbol": "RESOLVUSDT", "pnl_pct": 2.329181547126543, "has_sl": false}
{"event": "llm_monitor_response", "symbol": "RESOLVUSDT", "data": {"action": "ADJUST_TP_SL", "reasoning": "The trade currently has a PnL of 2.33%, which is positive, and profit locking is enabled. However, there is no stop loss or take profit set, which is risky. The Direction Score is low (2.5), indicating weak trend confirmation. To protect profits and manage risk, setting a break-even stop loss and a reasonable take profit is advisable.", "new_stop_loss": 0.1238649689441, "new_take_profit": 0.1263, "partial_tp_price": null}}
{"event": "llm_monitor_request", "symbol": "RESOLVUSDT", "pnl_pct": 1.844783088777291, "has_sl": false}
{"event": "llm_monitor_response", "symbol": "RESOLVUSDT", "data": {"action": "ADJUST_TP_SL", "reasoning": "Current PnL is positive (1.84%) and profit locking is enabled. The trend score is weak (Direction Score: 2.5), so protecting profits is prioritized. Setting a break-even stop-loss ensures capital protection while allowing room for potential upside. A take-profit is also needed to define risk-reward.", "new_stop_loss": 0.1238649689441, "new_take_profit": 0.1263, "partial_tp_price": null}}
{"event": "market_data_fetched", "symbol": "RESOLVUSDT", "duration_ms": 2130, "kline_count": 100, "current_price": 0.1274}
{"event": "analysis_generated", "symbol": "RESOLVUSDT", "duration_ms": 2137, "score": 65, "direction_score": 1.5, "current_price": 0.12729}
{"event": "llm_monitor_request", "symbol": "RESOLVUSDT", "pnl_pct": 0.036966660908619796, "has_sl": true}
{"event": "llm_monitor_response", "symbol": "RESOLVUSDT", "data": {"action": "ADJUST_TP_SL", "reasoning": "The trade has a positive PnL but lacks TP and partial TP settings, which are necessary for risk management. The Direction Score of 1.5 indicates a weak but still valid trend. Setting TP and partial TP will help secure profits while allowing room for further upside.", "new_stop_loss": 0.12, "new_take_profit": 0.135, "partial_tp_price": 0.13}}
{"event": "llm_monitor_request", "symbol": "RESOLVUSDT", "pnl_pct": 0.04123023288682297, "has_sl": true}
{"event": "llm_monitor_response", "symbol": "RESOLVUSDT", "data": {"action": "ADJUST_TP_SL", "reasoning": "The trade has a minimal PnL (0.04%) and lacks both SL and TP. The Direction Score is low (2.5), indicating weak trend confirmation. However, since the trade is not yet in significant loss and the SL is already set at 0.12, we should define a TP and consider a partial TP to secure some profit.", "new_stop_loss": 0.12, "new_take_profit": 0.135, "partial_tp_price": 0.13}}
{"event": "market_data_fetched", "symbol": "RESOLVUSDT", "duration_ms": 2142, "kline_count": 100, "current_price": 0.12733}
{"event": "analysis_generated", "symbol": "RESOLVUSDT", "duration_ms": 2145, "score": 30, "direction_score": 2.5, "current_price": 0.12733}
{"event": "llm_monitor_request", "symbol": "RESOLVUSDT", "pnl_pct": 0.0024811947423797488, "has_sl": false}
{"event": "llm_monitor_response", "symbol": "RESOLVUSDT", "data": {"action": "ADJUST_TP_SL", "reasoning": "The current position lacks a stop loss (SL) and partial take profit (TP), which are essential for risk management. The Direction Score of 2.5 indicates weak trend confirmation, so setting protective measures is critical. Since the PnL is 0.00% and the trend is not strongly validated, we will set a conservative SL and TP to protect capital while allowing for potential upside.", "new_stop_loss": 0.1245, "new_take_profit": 0.135, "partial_tp_price": 0.131}}
{"event": "market_data_fetched", "symbol": "RESOLVUSDT", "duration_ms": 2132, "kline_count": 100, "current_price": 0.12782}
{"event": "analysis_generated", "symbol": "RESOLVUSDT", "duration_ms": 2139, "score": 45, "direction_score": 2.5, "current_price": 0.12782}
{"event": "llm_monitor_request", "symbol": "RESOLVUSDT", "pnl_pct": 0.47345278663295587, "has_sl": true}
{"event": "llm_monitor_response", "symbol": "RESOLVUSDT", "data": {"action": "ADJUST_TP_SL", "reasoning": "The trade has a small positive PnL (0.47%) but lacks a partial take profit, which is needed. The Direction Score is neutral (2.5), suggesting the trend is not strongly confirmed. Adjusting TP/SL and adding a partial TP will help secure some profit and manage risk.", "new_stop_loss": 0.1245, "new_take_profit": 0.135, "partial_tp_price": 0.131}}
{"event": "llm_monitor_request", "symbol": "RESOLVUSDT", "pnl_pct": 0.6352015578134079, "has_sl": true}
{"event": "llm_monitor_response", "symbol": "RESOLVUSDT", "data": {"action": "ADJUST_TP_SL", "reasoning": "The trade has a small profit (0.64%) but lacks a take profit level. The direction score is neutral (2.5), and the overall score is mediocre (45). Setting a TP and partial TP will help secure profits and manage risk. Since the PnL is not bad and the trend isn't invalid, adjusting TP/SL is preferred over closing.", "new_stop_loss": 0.1245, "new_take_profit": 0.1315, "partial_tp_price": 0.1295}}
{"event": "market_data_fetched", "symbol": "RESOLVUSDT", "duration_ms": 2133, "kline_count": 100, "current_price": 0.12858}
{"event": "analysis_generated", "symbol": "RESOLVUSDT", "duration_ms": 2141, "score": 65, "direction_score": 1.5, "current_price": 0.1287}
{"event": "llm_monitor_request", "symbol": "RESOLVUSDT", "pnl_pct": 1.0694263414940561, "has_sl": true}
{"event": "llm_monitor_response", "symbol": "RESOLVUSDT", "data": {"action": "ADJUST_TP_SL", "reasoning": "The current PnL is positive (1.07%) but below the 1.5% threshold for moving SL to break-even. The Direction Score of 1.5 suggests a weak but still valid trend. Since partial TP is needed and none is set, we will secure some profit by setting a partial TP while maintaining the existing SL and TP levels to allow for further upside potential.", "new_stop_loss": 0.1245, "new_take_profit": 0.1315, "partial_tp_price": 0.1295}}
{"event": "llm_monitor_request", "symbol": "RESOLVUSDT", "pnl_pct": 1.2421677476091018, "has_sl": true}
{"event": "llm_monitor_response", "symbol": "RESOLVUSDT", "data": {"action": "ADJUST_TP_SL", "reasoning": "The trade has a small profit (1.24%) but lacks a take profit level, which is essential for risk management. The Direction Score is neutral (2.5), indicating no strong trend confirmation. Setting TP and SL will secure downside risk and lock in upside potential. A partial TP is also needed to secure some profits early.", "new_stop_loss": 0.1245, "new_take_profit": 0.1325, "partial_tp_price": 0.1295}}
{"event": "market_data_fetched", "symbol": "RESOLVUSDT", "duration_ms": 2126, "kline_count": 100, "current_price": 0.12905}
{"event": "analysis_generated", "symbol": "RESOLVUSDT", "duration_ms": 2133, "score": 45, "direction_score": 2.5, "current_price": 0.12898}
{"event": "llm_monitor_request", "symbol": "RESOLVUSDT", "pnl_pct": 1.3520940969550401, "has_sl": true}
{"event": "llm_monitor_response", "symbol": "RESOLVUSDT", "data": {"action": "ADJUST_TP_SL", "reasoning": "The PnL is positive (1.35%) but below the 1.5% threshold for moving SL to break-even. The Direction Score is weak (2.5), indicating a lack of strong trend confirmation. A partial take-profit is needed to secure some profits early, and the stop-loss should be adjusted to protect capital while allowing room for the trade to develop.", "new_stop_loss": 0.1255, "new_take_profit": 0.1325, "partial_tp_price": 0.1295}}
{"event": "market_data_fetched", "symbol": "RESOLVUSDT", "duration_ms": 2123, "kline_count": 100, "current_price": 0.12966}
{"event": "analysis_generated", "symbol": "RESOLVUSDT", "duration_ms": 2130, "score": 65, "direction_score": 3.5, "current_price": 0.12955}
{"event": "llm_monitor_request", "symbol": "RESOLVUSDT", "pnl_pct": 1.7688877023822613, "has_sl": true}
{"event": "llm_monitor_response", "symbol": "RESOLVUSDT", "data": {"action": "ADJUST_TP_SL", "reasoning": "Profit is currently at 1.77%, which is above the 1.5% threshold, suggesting a move to break-even SL to protect capital. The Direction Score of 3.5 indicates weak momentum, so securing profits is prudent. The suggested SL aligns with this logic.", "new_stop_loss": 0.1276, "new_take_profit": 0.1325, "partial_tp_price": null}}
{"event": "market_data_fetched", "symbol": "RESOLVUSDT", "duration_ms": 2158, "kline_count": 100, "current_price": 0.12885}
{"event": "analysis_generated", "symbol": "RESOLVUSDT", "duration_ms": 2161, "score": 30, "direction_score": 2.5, "current_price": 0.12888}
{"event": "llm_monitor_request", "symbol": "RESOLVUSDT", "pnl_pct": 1.2759543962687856, "has_sl": true}
{"event": "llm_monitor_response", "symbol": "RESOLVUSDT", "data": {"action": "ADJUST_TP_SL", "reasoning": "Current PnL is positive (1.28%) and profit is locked, but the Direction Score is weak (2.5). Adjusting TP/SL to secure profits and manage risk. Moving SL to break-even since profit exceeds 1.5%.", "new_stop_loss": 0.127358, "new_take_profit": 0.1325, "partial_tp_price": null}}
{"event": "market_data_fetched", "symbol": "RESOLVUSDT", "duration_ms": 2123, "kline_count": 100, "current_price": 0.12877}
{"event": "analysis_generated", "symbol": "RESOLVUSDT", "duration_ms": 2126, "score": 50, "direction_score": 3.5, "current_price": 0.12882}
{"event": "llm_monitor_request", "symbol": "RESOLVUSDT", "pnl_pct": 1.140093280359302, "has_sl": true}
{"event": "market_data_fetched", "symbol": "RESOLVUSDT", "duration_ms": 2120, "kline_count": 100, "current_price": 0.12895}
{"event": "analysis_generated", "symbol": "RESOLVUSDT", "duration_ms": 2126, "score": 30, "direction_score": 2.5, "current_price": 0.12895}
{"event": "llm_monitor_request", "symbol": "RESOLVUSDT", "pnl_pct": 1.2500196297052404, "has_sl": true}
{"event": "llm_monitor_response", "symbol": "RESOLVUSDT", "data": {"action": "ADJUST_TP_SL", "reasoning": "Current PnL is positive (1.25%) and profit is locked, but the Direction Score is low (2.5), indicating weak trend confirmation. Adjusting TP/SL to protect capital while allowing room for potential upside.", "new_stop_loss": 0.127358, "new_take_profit": 0.1325, "partial_tp_price": null}}
{"event": "market_data_fetched", "symbol": "RESOLVUSDT", "duration_ms": 2138, "kline_count": 100, "current_price": 0.12861}
{"event": "analysis_generated", "symbol": "RESOLVUSDT", "duration_ms": 2144, "score": 30, "direction_score": 2.5, "current_price": 0.12863}
{"event": "llm_monitor_request", "symbol": "RESOLVUSDT", "pnl_pct": 1.0537225773017793, "has_sl": true}
{"event": "llm_monitor_response", "symbol": "RESOLVUSDT", "data": {"action": "ADJUST_TP_SL", "reasoning": "The current PnL is positive (1.05%), but the Direction Score is low (2.5), indicating weak trend confirmation. Profit is locked, but the trade lacks a partial take-profit mechanism. Adjusting TP/SL to secure profits and manage risk is prudent.", "new_stop_loss": 0.127358, "new_take_profit": 0.1325, "partial_tp_price": 0.13}}
{"event": "market_data_fetched", "symbol": "RESOLVUSDT", "duration_ms": 2146, "kline_count": 100, "current_price": 0.12884}
{"event": "analysis_generated", "symbol": "RESOLVUSDT", "duration_ms": 2150, "score": 30, "direction_score": 2.5, "current_price": 0.12896}
{"event": "llm_monitor_request", "symbol": "RESOLVUSDT", "pnl_pct": 1.24625857818119, "has_sl": true}
{"event": "llm_monitor_response", "symbol": "RESOLVUSDT", "data": {"action": "HOLD", "reasoning": "The current PnL is 1.25%, which is below the 1.5% threshold for moving SL to Break Even. The trend is still valid as indicated by the Direction Score of 2.5, albeit weak. The existing SL and TP are set, and there is no immediate need to adjust them. Since the profit is locked, it is prudent to hold the position and monitor for further developments.", "new_stop_loss": null, "new_take_profit": null, "partial_tp_price": null}}
{"event": "market_data_fetched", "symbol": "RESOLVUSDT", "duration_ms": 2132, "kline_count": 100, "current_price": 0.12954}
{"event": "analysis_generated", "symbol": "RESOLVUSDT", "duration_ms": 2139, "score": 45, "direction_score": 2.5, "current_price": 0.12948}
{"event": "llm_monitor_request", "symbol": "RESOLVUSDT", "pnl_pct": 1.7553432057664222, "has_sl": true}
{"event": "llm_monitor_response", "symbol": "RESOLVUSDT", "data": {"action": "ADJUST_TP_SL", "reasoning": "Profit is above 1.5%, so moving SL to break-even to protect capital. The trend direction score is low (2.5), indicating weak momentum, but the PnL is positive. Adjusting SL to secure profits while maintaining TP.", "new_stop_loss": 0.127358, "new_take_profit": 0.1325, "partial_tp_price": null}}
{"event": "market_data_fetched", "symbol": "RESOLVUSDT", "duration_ms": 2151, "kline_count": 100, "current_price": 0.13123}
{"event": "analysis_generated", "symbol": "RESOLVUSDT", "duration_ms": 2157, "score": 65, "direction_score": 3.5, "current_price": 0.13098}
{"event": "llm_monitor_request", "symbol": "RESOLVUSDT", "pnl_pct": 2.9672890591874874, "has_sl": true}
{"event": "llm_monitor_response", "symbol": "RESOLVUSDT", "data": {"action": "ADJUST_TP_SL", "reasoning": "Profit is locked and PnL is positive (2.97%), but the Direction Score is only 3.5, indicating weak trend strength. To protect capital and secure profits, adjust SL to break-even and maintain TP at current level. No partial TP needed as per context.", "new_stop_loss": 0.127358, "new_take_profit": 0.1325, "partial_tp_price": null}}
{"event": "market_data_fetched", "symbol": "RESOLVUSDT", "duration_ms": 2136, "kline_count": 100, "current_price": 0.12993}
{"event": "analysis_generated", "symbol": "RESOLVUSDT", "duration_ms": 2141, "score": 45, "direction_score": 2.5, "current_price": 0.12991}
{"event": "llm_monitor_request", "symbol": "RESOLVUSDT", "pnl_pct": 2.019504075126808, "has_sl": true}
{"event": "llm_monitor_response", "symbol": "RESOLVUSDT", "data": {"action": "ADJUST_TP_SL", "reasoning": "The current PnL is positive (2.02%) and profit is locked, suggesting a favorable position. However, the Direction Score is low (2.5), indicating weak trend confirmation. To protect capital and maximize trend profits, it's prudent to adjust the stop loss to break-even (entry price) and maintain the existing take profit level. No partial TP is needed as per the context.", "new_stop_loss": 0.127358, "new_take_profit": 0.1325, "partial_tp_price": null}}
{"event": "market_data_fetched", "symbol": "RESOLVUSDT", "duration_ms": 2134, "kline_count": 100, "current_price": 0.12953}
{"event": "analysis_generated", "symbol": "RESOLVUSDT", "duration_ms": 2137, "score": 45, "direction_score": 2.5, "current_price": 0.12953}
{"event": "llm_monitor_request", "symbol": "RESOLVUSDT", "pnl_pct": 1.7221375963818528, "has_sl": true}
{"event": "llm_monitor_response", "symbol": "RESOLVUSDT", "data": {"action": "ADJUST_TP_SL", "reasoning": "Profit is above 1.5%, so moving SL to break-even to protect capital. The current TP remains valid as the target is still achievable. No partial TP is needed as per the context.", "new_stop_loss": 0.127358, "new_take_profit": 0.1325, "partial_tp_price": null}}
{"event": "market_data_fetched", "symbol": "RESOLVUSDT", "duration_ms": 2131, "kline_count": 100, "current_price": 0.12919}
{"event": "analysis_generated", "symbol": "RESOLVUSDT", "duration_ms": 2138, "score": 50, "direction_score": 3.5, "current_price": 0.12934}
{"event": "llm_monitor_request", "symbol": "RESOLVUSDT", "pnl_pct": 1.4657579421787403, "has_sl": true}
{"event": "llm_monitor_response", "symbol": "RESOLVUSDT", "data": {"action": "ADJUST_TP_SL", "reasoning": "The current PnL is 1.47%, which is close to the 1.5% threshold for moving SL to break-even. The trend direction score is neutral (3.5), and the current SL is very close to the entry price, providing little room for the trade to breathe. Adjusting the SL to break-even and setting a TP will help protect capital and lock in profits if the trend continues.", "new_stop_loss": 0.127358, "new_take_profit": 0.1325, "partial_tp_price": null}}
{"event": "market_data_fetched", "symbol": "RESOLVUSDT", "duration_ms": 2146, "kline_count": 100, "current_price": 0.12919}
{"event": "analysis_generated", "symbol": "RESOLVUSDT", "duration_ms": 2153, "score": 30, "direction_score": 2.5, "current_price": 0.1292}
{"event": "llm_monitor_request", "symbol": "RESOLVUSDT", "pnl_pct": 1.4661034249909703, "has_sl": true}
{"event": "llm_monitor_response", "symbol": "RESOLVUSDT", "data": {"action": "ADJUST_TP_SL", "reasoning": "Current PnL is 1.47%, which is close to the 1.5% threshold for moving SL to break-even. The trend direction score is low (2.5), indicating weak momentum. Profit is locked, but the TP is set aggressively at 0.1325 (~4% from entry) without partial TP. Adjusting SL to break-even (entry price) protects capital while maintaining upside potential.", "new_stop_loss": 0.127358, "new_take_profit": 0.1325, "partial_tp_price": null}}
{"event": "market_data_fetched", "symbol": "RESOLVUSDT", "duration_ms": 2136, "kline_count": 100, "current_price": 0.12881}
{"event": "analysis_generated", "symbol": "RESOLVUSDT", "duration_ms": 2138, "score": 50, "direction_score": 3.5, "current_price": 0.12904}
{"event": "llm_monitor_request", "symbol": "RESOLVUSDT", "pnl_pct": 1.250781262268566, "has_sl": true}
{"event": "llm_monitor_response", "symbol": "RESOLVUSDT", "data": {"action": "ADJUST_TP_SL", "reasoning": "The trade currently has a small profit (1.25%) and profit locking is enabled, but the Direction Score is neutral (3.5). The stop loss is set very close to the entry price, which may not provide enough room for the trade to breathe. Adjusting the stop loss to break-even (entry price) and maintaining the take profit level will protect capital while allowing for potential upside.", "new_stop_loss": 0.127358, "new_take_profit": 0.1325, "partial_tp_price": null}}
{"event": "market_data_fetched", "symbol": "RESOLVUSDT", "duration_ms": 2128, "kline_count": 100, "current_price": 0.12945}
{"event": "analysis_generated", "symbol": "RESOLVUSDT", "duration_ms": 2135, "score": 70, "direction_score": 1.5, "current_price": 0.12942}
{"event": "llm_monitor_request", "symbol": "RESOLVUSDT", "pnl_pct": 1.667739757219806, "has_sl": true}
{"event": "llm_monitor_response", "symbol": "RESOLVUSDT", "data": {"action": "ADJUST_TP_SL", "reasoning": "Profit is above 1.5%, so moving SL to break-even to protect capital. The trend remains valid (Direction Score: 1.5), and no partial TP is needed.", "new_stop_loss": 0.127358, "new_take_profit": 0.1325, "partial_tp_price": null}}
{"event": "market_data_fetched", "symbol": "RESOLVUSDT", "duration_ms": 2141, "kline_count": 100, "current_price": 0.12911}
{"event": "analysis_generated", "symbol": "RESOLVUSDT", "duration_ms": 2144, "score": 70, "direction_score": 3.5, "current_price": 0.12916}
{"event": "llm_monitor_request", "symbol": "RESOLVUSDT", "pnl_pct": 1.383501625339594, "has_sl": true}
{"event": "llm_monitor_response", "symbol": "RESOLVUSDT", "data": {"action": "HOLD", "reasoning": "The current PnL is 1.38%, which is close to the 1.5% threshold for moving SL to Break Even. The trend direction score is 3.5, indicating a neutral to slightly positive trend. Since the profit is locked and there is no immediate need for adjustment, holding the position is advisable until either the PnL reaches 1.5% (to consider moving SL to Break Even) or the market shows clearer directional movement.", "new_stop_loss": null, "new_take_profit": null, "partial_tp_price": null}}
{"event": "market_data_fetched", "symbol": "RESOLVUSDT", "duration_ms": 2131, "kline_count": 100, "current_price": 0.12895}
{"event": "analysis_generated", "symbol": "RESOLVUSDT", "duration_ms": 2136, "score": 35, "direction_score": 2.5, "current_price": 0.12898}
{"event": "llm_monitor_request", "symbol": "RESOLVUSDT", "pnl_pct": 1.2186121013206865, "has_sl": true}
{"event": "llm_monitor_response", "symbol": "RESOLVUSDT", "data": {"action": "ADJUST_TP_SL", "reasoning": "The current PnL is positive (1.22%) and profit is locked, but the Direction Score is low (2.5), indicating weak trend confirmation. To protect capital and maximize potential gains, adjusting the stop loss to break-even (entry price) and maintaining the existing take profit is prudent. No partial TP is needed as per the context.", "new_stop_loss": 0.127358, "new_take_profit": 0.1325, "partial_tp_price": null}}
{"event": "market_data_fetched", "symbol": "RESOLVUSDT", "duration_ms": 2149, "kline_count": 100, "current_price": 0.12958}
{"event": "analysis_generated", "symbol": "RESOLVUSDT", "duration_ms": 2154, "score": 50, "direction_score": 2.5, "current_price": 0.12951}
{"event": "llm_monitor_request", "symbol": "RESOLVUSDT", "pnl_pct": 1.7318111151242956, "has_sl": true}
{"event": "llm_monitor_response", "symbol": "RESOLVUSDT", "data": {"action": "ADJUST_TP_SL", "reasoning": "Profit is above 1.5%, so moving SL to break-even to protect capital. The trend direction score is neutral (2.5), so no strong reason to add or reduce position. Adjusting TP/SL to lock in profits and manage risk.", "new_stop_loss": 0.127358, "new_take_profit": 0.1325, "partial_tp_price": null}}
{"event": "market_data_fetched", "symbol": "RESOLVUSDT", "duration_ms": 2127, "kline_count": 100, "current_price": 0.12959}
{"event": "analysis_generated", "symbol": "RESOLVUSDT", "duration_ms": 2134, "score": 50, "direction_score": 2.5, "current_price": 0.12958}
{"event": "llm_monitor_request", "symbol": "RESOLVUSDT", "pnl_pct": 1.7525400838581011, "has_sl": true}
{"event": "llm_monitor_response", "symbol": "RESOLVUSDT", "data": {"action": "ADJUST_TP_SL", "reasoning": "Current PnL is positive (1.75%) and profit lock is enabled, suggesting a defensive approach to protect gains. The Direction Score is neutral (2.5), indicating no strong trend continuation or reversal. Moving SL to breakeven (suggested: 0.1276) aligns with profit protection while maintaining exposure to potential upside. No partial TP is needed as per context.", "new_stop_loss": 0.1276, "new_take_profit": 0.1325, "partial_tp_price": null}}
{"event": "market_data_fetched", "symbol": "RESOLVUSDT", "duration_ms": 2133, "kline_count": 100, "current_price": 0.12924}
{"event": "analysis_generated", "symbol": "RESOLVUSDT", "duration_ms": 2137, "score": 50, "direction_score": 2.5, "current_price": 0.12924}
{"event": "llm_monitor_request", "symbol": "RESOLVUSDT", "pnl_pct": 1.5002355564628842, "has_sl": true}
{"event": "llm_monitor_response", "symbol": "RESOLVUSDT", "data": {"action": "ADJUST_TP_SL", "reasoning": "Current PnL is positive (1.50%) and profit is locked, but the Direction Score is weak (2.5). The suggested SL is already at breakeven (0.1276), which protects capital. The TP (0.1325) is reasonable for capturing upside. No partial TP is needed as per the context. Adjusting SL/TP to lock in risk-reward while respecting the weak trend strength.", "new_stop_loss": 0.1276, "new_take_profit": 0.1325, "partial_tp_price": null}}
{"event": "market_data_fetched", "symbol": "RESOLVUSDT", "duration_ms": 2125, "kline_count": 100, "current_price": 0.12827}
{"event": "analysis_generated", "symbol": "RESOLVUSDT", "duration_ms": 2131, "score": 55, "direction_score": 3.5, "current_price": 0.12825}
{"event": "llm_monitor_request", "symbol": "RESOLVUSDT", "pnl_pct": 0.7171202437224203, "has_sl": true}
{"event": "llm_monitor_response", "symbol": "RESOLVUSDT", "data": {"action": "HOLD", "reasoning": "The current PnL is positive (0.72%) and profit locking is enabled, indicating some protection is already in place. The Direction Score of 3.5 suggests weak but not invalid trend confirmation. Since the SL and TP are already set and the PnL is not yet at the 1.5% threshold to move SL to breakeven, holding the position is justified while monitoring for further trend strength or weakness.", "new_stop_loss": null, "new_take_profit": null, "partial_tp_price": null}}
{"event": "market_data_fetched", "symbol": "RESOLVUSDT", "duration_ms": 2130, "kline_count": 100, "current_price": 0.1292}
{"event": "analysis_generated", "symbol": "RESOLVUSDT", "duration_ms": 2135, "score": 45, "direction_score": 2.5, "current_price": 0.12932}
{"event": "llm_monitor_request", "symbol": "RESOLVUSDT", "pnl_pct": 1.4463166821087015, "has_sl": true}
{"event": "llm_monitor_response", "symbol": "RESOLVUSDT", "data": {"action": "ADJUST_TP_SL", "reasoning": "The current PnL is 1.45%, which is close to the 1.5% threshold for moving SL to break-even. The Direction Score is low (2.5), indicating weak trend confirmation. To protect capital and lock in minimal profits, adjust SL to break-even and maintain TP at 0.1325.", "new_stop_loss": 0.127358, "new_take_profit": 0.1325, "partial_tp_price": null}}
{"event": "market_data_fetched", "symbol": "RESOLVUSDT", "duration_ms": 2132, "kline_count": 100, "current_price": 0.12905}
{"event": "analysis_generated", "symbol": "RESOLVUSDT", "duration_ms": 2138, "score": 45, "direction_score": 2.5, "current_price": 0.12908}
{"event": "llm_monitor_request", "symbol": "RESOLVUSDT", "pnl_pct": 1.334450917885017, "has_sl": true}
{"event": "llm_monitor_response", "symbol": "RESOLVUSDT", "data": {"action": "ADJUST_TP_SL", "reasoning": "The current PnL is positive (1.33%) and profit is locked, but the Direction Score is low (2.5), indicating weak trend strength. To protect capital and maximize trend profits, it's prudent to adjust the stop loss to break-even and set a take profit level. Since the PnL is close to 1.5%, moving the stop loss to break-even is justified.", "new_stop_loss": 0.127358, "new_take_profit": 0.1325, "partial_tp_price": null}}
{"event": "market_data_fetched", "symbol": "RESOLVUSDT", "duration_ms": 2133, "kline_count": 100, "current_price": 0.12922}
{"event": "analysis_generated", "symbol": "RESOLVUSDT", "duration_ms": 2139, "score": 45, "direction_score": 2.5, "current_price": 0.12922}
{"event": "llm_monitor_request", "symbol": "RESOLVUSDT", "pnl_pct": 1.4620204463009785, "has_sl": true}
{"event": "llm_monitor_response", "symbol": "RESOLVUSDT", "data": {"action": "ADJUST_TP_SL", "reasoning": "The PnL is currently positive at 1.46%, and profit locking is enabled. However, the Direction Score is low (2.5), indicating weak trend confirmation. To protect capital and maximize trend profits, it's prudent to adjust the stop loss to break-even (entry price) and maintain the existing take profit level.", "new_stop_loss": 0.127358, "new_take_profit": 0.1325, "partial_tp_price": null}}
{"event": "market_data_fetched", "symbol": "RESOLVUSDT", "duration_ms": 2133, "kline_count": 100, "current_price": 0.12919}
{"event": "analysis_generated", "symbol": "RESOLVUSDT", "duration_ms": 2141, "score": 45, "direction_score": 2.5, "current_price": 0.12919}
{"event": "llm_monitor_request", "symbol": "RESOLVUSDT", "pnl_pct": 1.4562493129603167, "has_sl": true}
{"event": "llm_monitor_response", "symbol": "RESOLVUSDT", "data": {"action": "ADJUST_TP_SL", "reasoning": "The PnL is positive (1.46%) and profit is locked, but the Direction Score is low (2.5), indicating weak trend confirmation. The current SL is very close to the entry price, providing little room for volatility. Adjusting TP/SL to better reflect risk-reward while protecting capital.", "new_stop_loss": 0.1268, "new_take_profit": 0.1325, "partial_tp_price": null}}
{"event": "market_data_fetched", "symbol": "RESOLVUSDT", "duration_ms": 2123, "kline_count": 100, "current_price": 0.12912}
{"event": "analysis_generated", "symbol": "RESOLVUSDT", "duration_ms": 2127, "score": 45, "direction_score": 2.5, "current_price": 0.12934}
{"event": "llm_monitor_request", "symbol": "RESOLVUSDT", "pnl_pct": 1.5688295984547498, "has_sl": true}
{"event": "llm_monitor_response", "symbol": "RESOLVUSDT", "data": {"action": "ADJUST_TP_SL", "reasoning": "Profit is above 1.5%, so moving SL to break-even to protect capital. The Direction Score is low (2.5), indicating weak trend confirmation, but since profit is locked and PnL is positive, adjusting SL to secure minimal profit is prudent. No partial TP is needed as per the context.", "new_stop_loss": 0.127358, "new_take_profit": 0.1325, "partial_tp_price": null}}
{"event": "market_data_fetched", "symbol": "RESOLVUSDT", "duration_ms": 2138, "kline_count": 100, "current_price": 0.12921}
{"event": "analysis_generated", "symbol": "RESOLVUSDT", "duration_ms": 2149, "score": 65, "direction_score": 1.5, "current_price": 0.12917}
{"event": "llm_monitor_request", "symbol": "RESOLVUSDT", "pnl_pct": 1.4659699429953361, "has_sl": true}
{"event": "llm_monitor_response", "symbol": "RESOLVUSDT", "data": {"action": "ADJUST_TP_SL", "reasoning": "The PnL is positive (1.47%) and the trend direction score is favorable (1.5). Profit is locked, but the stop loss is currently above the entry price, which is unusual for a LONG position. Adjusting the stop loss to a more logical level below the entry price will better protect capital while maintaining the take profit level to maximize trend profits.", "new_stop_loss": 0.126, "new_take_profit": 0.1325, "partial_tp_price": null}}
{"event": "market_data_fetched", "symbol": "RESOLVUSDT", "duration_ms": 2117, "kline_count": 100, "current_price": 0.12958}
{"event": "analysis_generated", "symbol": "RESOLVUSDT", "duration_ms": 2125, "score": 45, "direction_score": 2.5, "current_price": 0.12958}
{"event": "llm_monitor_request", "symbol": "RESOLVUSDT", "pnl_pct": 1.7132806733774086, "has_sl": true}
{"event": "llm_monitor_response", "symbol": "RESOLVUSDT", "data": {"action": "ADJUST_TP_SL", "reasoning": "Current PnL is positive (1.71%) and profit is locked, but the Direction Score is weak (2.5). Moving SL to break-even protects capital while maintaining exposure to potential upside. No partial TP needed as per context.", "new_stop_loss": 0.127358, "new_take_profit": 0.1325, "partial_tp_price": null}}
{"event": "market_data_fetched", "symbol": "RESOLVUSDT", "duration_ms": 2129, "kline_count": 100, "current_price": 0.12911}
{"event": "analysis_generated", "symbol": "RESOLVUSDT", "duration_ms": 2135, "score": 50, "direction_score": 3.5, "current_price": 0.12911}
{"event": "llm_monitor_request", "symbol": "RESOLVUSDT", "pnl_pct": 1.4227610358202862, "has_sl": true}
{"event": "llm_monitor_response", "symbol": "RESOLVUSDT", "data": {"action": "ADJUST_TP_SL", "reasoning": "The current PnL is positive (1.42%) and profit is locked, but the Direction Score is low (3.5), indicating weak trend confirmation. To protect capital and maximize potential gains, we should adjust the stop loss to break-even (entry price) and maintain the existing take profit level.", "new_stop_loss": 0.127358, "new_take_profit": 0.1325, "partial_tp_price": null}}
{"event": "market_data_fetched", "symbol": "RESOLVUSDT", "duration_ms": 2121, "kline_count": 100, "current_price": 0.12961}
{"event": "analysis_generated", "symbol": "RESOLVUSDT", "duration_ms": 2128, "score": 30, "direction_score": 2.5, "current_price": 0.12956}
{"event": "llm_monitor_request", "symbol": "RESOLVUSDT", "pnl_pct": 1.7682438480503782, "has_sl": true}
{"event": "llm_monitor_response", "symbol": "RESOLVUSDT", "data": {"action": "ADJUST_TP_SL", "reasoning": "Profit is above 1.5%, so moving SL to break-even to protect capital. The current TP is reasonable, so no adjustment is needed there. No partial TP is required as per the context.", "new_stop_loss": 0.127358, "new_take_profit": 0.1325, "partial_tp_price": null}}
{"event": "market_data_fetched", "symbol": "RESOLVUSDT", "duration_ms": 2135, "kline_count": 100, "current_price": 0.12996}
{"event": "analysis_generated", "symbol": "RESOLVUSDT", "duration_ms": 2138, "score": 65, "direction_score": 3.5, "current_price": 0.12996}
{"event": "llm_monitor_request", "symbol": "RESOLVUSDT", "pnl_pct": 2.0633097253411643, "has_sl": true}
{"event": "llm_monitor_response", "symbol": "RESOLVUSDT", "data": {"action": "ADJUST_TP_SL", "reasoning": "Current PnL is positive (2.06%) and profit is locked, but the Direction Score is weak (3.5). To protect capital and maximize trend profits, adjust SL to break-even and maintain TP to secure potential upside.", "new_stop_loss": 0.127358, "new_take_profit": 0.1325, "partial_tp_price": null}}
{"event": "market_data_fetched", "symbol": "RESOLVUSDT", "duration_ms": 2116, "kline_count": 100, "current_price": 0.13007}
{"event": "analysis_generated", "symbol": "RESOLVUSDT", "duration_ms": 2119, "score": 45, "direction_score": 2.5, "current_price": 0.13007}
{"event": "llm_monitor_request", "symbol": "RESOLVUSDT", "pnl_pct": 2.1529860707611617, "has_sl": true}
{"event": "llm_monitor_response", "symbol": "RESOLVUSDT", "data": {"action": "ADJUST_TP_SL", "reasoning": "Profit is locked and PnL is positive (2.15%), but the Direction Score is weak (2.5). Moving stop loss to break-even protects capital while allowing room for potential upside. No partial TP is needed as per the context.", "new_stop_loss": 0.127358, "new_take_profit": 0.1325, "partial_tp_price": null}}
{"event": "market_data_fetched", "symbol": "RESOLVUSDT", "duration_ms": 2127, "kline_count": 100, "current_price": 0.12996}
{"event": "analysis_generated", "symbol": "RESOLVUSDT", "duration_ms": 2130, "score": 65, "direction_score": 1.5, "current_price": 0.12997}
{"event": "llm_monitor_request", "symbol": "RESOLVUSDT", "pnl_pct": 2.0892444919047097, "has_sl": true}
{"event": "llm_monitor_response", "symbol": "RESOLVUSDT", "data": {"action": "ADJUST_TP_SL", "reasoning": "Profit is above 1.5%, so moving SL to break-even to protect capital. The current TP remains valid as the trend direction score is positive (1.5). No partial TP is needed.", "new_stop_loss": 0.127358, "new_take_profit": 0.1325, "partial_tp_price": null}}
{"event": "market_data_fetched", "symbol": "RESOLVUSDT", "duration_ms": 2137, "kline_count": 100, "current_price": 0.13024}
{"event": "analysis_generated", "symbol": "RESOLVUSDT", "duration_ms": 2143, "score": 45, "direction_score": 2.5, "current_price": 0.13019}
{"event": "llm_monitor_request", "symbol": "RESOLVUSDT", "pnl_pct": 2.2822830132382737, "has_sl": true}
{"event": "llm_monitor_response", "symbol": "RESOLVUSDT", "data": {"action": "ADJUST_TP_SL", "reasoning": "The current PnL is positive (2.28%) and profit is locked, but the Direction Score is weak (2.5). To protect capital and maximize trend profits, it's prudent to adjust the stop loss to break-even (entry price) and maintain the existing take profit level. No partial take profit is needed as per the context.", "new_stop_loss": 0.127358, "new_take_profit": 0.1325, "partial_tp_price": null}}
{"event": "market_data_fetched", "symbol": "RESOLVUSDT", "duration_ms": 2168, "kline_count": 100, "current_price": 0.13051}
{"event": "analysis_generated", "symbol": "RESOLVUSDT", "duration_ms": 2171, "score": 45, "direction_score": 2.5, "current_price": 0.13046}
{"event": "llm_monitor_request", "symbol": "RESOLVUSDT", "pnl_pct": 2.4747797547072037, "has_sl": true}
{"event": "llm_monitor_response", "symbol": "RESOLVUSDT", "data": {"action": "ADJUST_TP_SL", "reasoning": "Profit is locked and PnL is positive (2.47%), but the Direction Score is weak (2.5). The current SL is already at breakeven (0.1276), protecting capital. However, the TP (0.1325) may be too ambitious given the weak trend. Adjusting TP to a more conservative level to secure profits while maintaining breakeven SL.", "new_stop_loss": 0.1276, "new_take_profit": 0.13, "partial_tp_price": null}}
{"event": "market_data_fetched", "symbol": "RESOLVUSDT", "duration_ms": 2139, "kline_count": 100, "current_price": 0.13053}
{"event": "analysis_generated", "symbol": "RESOLVUSDT", "duration_ms": 2145, "score": 45, "direction_score": 2.5, "current_price": 0.13058}
{"event": "llm_monitor_request", "symbol": "RESOLVUSDT", "pnl_pct": 2.4985316980480223, "has_sl": true}
{"event": "llm_monitor_response", "symbol": "RESOLVUSDT", "data": {"action": "ADJUST_TP_SL", "reasoning": "Current PnL is positive (2.50%) and profit is locked, but the Direction Score is weak (2.5). The suggested SL is already at break-even (0.1276), which protects capital. However, the trade lacks a TP, which is critical for risk management. Given the mediocre Score (45), setting a conservative TP will lock in gains if the trend reverses.", "new_stop_loss": 0.1276, "new_take_profit": 0.13, "partial_tp_price": null}}
{"event": "market_data_fetched", "symbol": "RESOLVUSDT", "duration_ms": 2134, "kline_count": 100, "current_price": 0.13087}
{"event": "analysis_generated", "symbol": "RESOLVUSDT", "duration_ms": 2141, "score": 65, "direction_score": 1.5, "current_price": 0.13082}
{"event": "llm_monitor_request", "symbol": "RESOLVUSDT", "pnl_pct": 2.775915136858305, "has_sl": true}
{"event": "llm_monitor_response", "symbol": "RESOLVUSDT", "data": {"action": "ADJUST_TP_SL", "reasoning": "The current PnL is positive (2.78%) and profit is locked, but there is no take profit set. The trend direction score is positive (1.5), indicating the trend is still favorable. To protect profits and ensure risk management, we should set a stop loss at break-even and establish a take profit level.", "new_stop_loss": 0.127358, "new_take_profit": 0.1312, "partial_tp_price": null}}
{"event": "market_data_fetched", "symbol": "RESOLVUSDT", "duration_ms": 2123, "kline_count": 100, "current_price": 0.13113}
{"event": "analysis_generated", "symbol": "RESOLVUSDT", "duration_ms": 2129, "score": 45, "direction_score": 2.5, "current_price": 0.13117}
{"event": "llm_monitor_request", "symbol": "RESOLVUSDT", "pnl_pct": 2.9931374550479752, "has_sl": true}
{"event": "llm_monitor_response", "symbol": "RESOLVUSDT", "data": {"action": "ADJUST_TP_SL", "reasoning": "Current PnL is positive (2.99%) and profit is locked, but the Direction Score is weak (2.5). The suggested SL is already at breakeven (0.1276), which protects capital. However, the trade lacks a TP, which is critical for risk management. Given the mediocre Score (45), setting a conservative TP will lock in gains if the trend reverses.", "new_stop_loss": 0.1276, "new_take_profit": 0.13, "partial_tp_price": null}}
{"event": "market_data_fetched", "symbol": "RESOLVUSDT", "duration_ms": 2129, "kline_count": 100, "current_price": 0.13145}
{"event": "analysis_generated", "symbol": "RESOLVUSDT", "duration_ms": 2136, "score": 65, "direction_score": 1.5, "current_price": 0.13132}
{"event": "llm_monitor_request", "symbol": "RESOLVUSDT", "pnl_pct": 3.164968042839869, "has_sl": true}
{"event": "llm_monitor_response", "symbol": "RESOLVUSDT", "data": {"action": "ADJUST_TP_SL", "reasoning": "The current PnL is positive (3.16%) and profit is locked, indicating a favorable trend. However, the trade lacks a take profit level, which is essential for capitalizing on the trend. The stop loss is already set at breakeven (0.1276), protecting capital. Adding a take profit will ensure profits are captured if the trend continues.", "new_stop_loss": 0.1276, "new_take_profit": 0.1315, "partial_tp_price": null}}
{"event": "market_data_fetched", "symbol": "RESOLVUSDT", "duration_ms": 2226, "kline_count": 100, "current_price": 0.13109}
{"event": "analysis_generated", "symbol": "RESOLVUSDT", "duration_ms": 2234, "score": 50, "direction_score": 2.5, "current_price": 0.13121}
{"event": "llm_monitor_request", "symbol": "RESOLVUSDT", "pnl_pct": -0.8240719739925908, "has_sl": true}
{"event": "llm_monitor_response", "symbol": "RESOLVUSDT", "data": {"action": "ADJUST_TP_SL", "reasoning": "The current position has a negative PnL and lacks both stop loss and take profit levels. The trend direction score is neutral (2.5), indicating no strong trend. To manage risk and secure potential profits, it's essential to set both stop loss and take profit levels. Additionally, since 'Partial TP' is needed, a partial take profit level will be set to lock in some profits early.", "new_stop_loss": 0.12618, "new_take_profit": 0.13888, "partial_tp_price": 0.135}}
{"event": "market_data_fetched", "symbol": "RESOLVUSDT", "duration_ms": 2221, "kline_count": 100, "current_price": 0.13179}
{"event": "analysis_generated", "symbol": "RESOLVUSDT", "duration_ms": 2226, "score": 30, "direction_score": 1.5, "current_price": 0.13184}
{"event": "llm_monitor_request", "symbol": "RESOLVUSDT", "pnl_pct": -0.3477734936115521, "has_sl": false}
{"event": "llm_monitor_response", "symbol": "RESOLVUSDT", "data": {"action": "ADJUST_TP_SL", "reasoning": "The current position has a negative PnL (-0.35%) and lacks a stop-loss, which exposes the trade to unnecessary risk. The trend direction score is positive (1.5), suggesting the trend may still be valid, but the overall score is low (30), indicating weak confidence. Setting a stop-loss and take-profit will help manage risk and lock in potential gains. A partial take-profit is also recommended to secure some profits early.", "new_stop_loss": 0.129, "new_take_profit": 0.13888, "partial_tp_price": 0.135}}
{"event": "market_data_fetched", "symbol": "RESOLVUSDT", "duration_ms": 2216, "kline_count": 100, "current_price": 0.13167}
{"event": "analysis_generated", "symbol": "RESOLVUSDT", "duration_ms": 2219, "score": 30, "direction_score": 1.5, "current_price": 0.13151}
{"event": "llm_monitor_request", "symbol": "RESOLVUSDT", "pnl_pct": -0.4006955469872231, "has_sl": true}
{"event": "llm_monitor_response", "symbol": "RESOLVUSDT", "data": {"action": "ADJUST_TP_SL", "reasoning": "The current PnL is slightly negative (-0.40%), but the Direction Score of 1.5 suggests a weak but still valid trend. Since there is no partial TP set and it is needed, we will adjust the TP/SL and introduce a partial TP to secure some profit early.", "new_stop_loss": 0.129, "new_take_profit": 0.13888, "partial_tp_price": 0.135}}
{"event": "market_data_fetched", "symbol": "RESOLVUSDT", "duration_ms": 2228, "kline_count": 100, "current_price": 0.13075}
{"event": "analysis_generated", "symbol": "RESOLVUSDT", "duration_ms": 2232, "score": 55, "direction_score": 0.5, "current_price": 0.13076}
{"event": "llm_monitor_request", "symbol": "RESOLVUSDT", "pnl_pct": -1.066001360852801, "has_sl": true}
{"event": "llm_monitor_response", "symbol": "RESOLVUSDT", "data": {"action": "ADJUST_TP_SL", "reasoning": "The current position has a negative PnL (-1.07%) and lacks both a take profit and partial take profit, which are essential for risk management. The Direction Score is neutral (0.5), indicating no strong trend confirmation. Setting a take profit and partial take profit will help secure potential gains and manage risk effectively.", "new_stop_loss": 0.129, "new_take_profit": 0.13888, "partial_tp_price": 0.135}}
{"event": "market_data_fetched", "symbol": "RESOLVUSDT", "duration_ms": 2231, "kline_count": 100, "current_price": 0.12968}
{"event": "analysis_generated", "symbol": "RESOLVUSDT", "duration_ms": 2235, "score": 35, "direction_score": 1.5, "current_price": 0.12967}
{"event": "llm_monitor_request", "symbol": "RESOLVUSDT", "pnl_pct": -1.8713011264837074, "has_sl": true}
{"event": "llm_monitor_response", "symbol": "RESOLVUSDT", "data": {"action": "CLOSE", "reasoning": "The PnL is negative (-1.87%) and the Direction Score is low (1.5), indicating a weak or invalid trend. Given the poor performance and lack of strong directional bias, it is prudent to close the position to protect capital.", "new_stop_loss": null, "new_take_profit": null, "partial_tp_price": null}}
