{"event": "market_data_fetched", "symbol": "ZKCUSDT", "duration_ms": 2237, "kline_count": 100, "current_price": 0.1377}
{"event": "analysis_generated", "symbol": "ZKCUSDT", "duration_ms": 2242, "score": 50, "direction_score": 0.5, "current_price": 0.1376}
{"event": "llm_monitor_request", "symbol": "ZKCUSDT", "pnl_pct": -0.3943342981186687, "has_sl": true}
{"event": "llm_monitor_response", "symbol": "ZKCUSDT", "data": {"action": "ADJUST_TP_SL", "reasoning": "The current PnL is slightly negative (-0.39%), but the Direction Score is neutral (0.5), indicating no strong trend invalidation. Since there is no TP or partial TP set, it's prudent to define risk management parameters. The suggested SL remains unchanged as there's no strong reason to adjust it yet. A TP should be set to lock in profits if the trade moves favorably.", "new_stop_loss": 0.1333, "new_take_profit": 0.1451, "partial_tp_price": 0.142}}
{"event": "market_data_fetched", "symbol": "ZKCUSDT", "duration_ms": 2212, "kline_count": 100, "current_price": 0.1374}
{"event": "analysis_generated", "symbol": "ZKCUSDT", "duration_ms": 2217, "score": 50, "direction_score": 0.5, "current_price": 0.1378}
{"event": "llm_monitor_request", "symbol": "ZKCUSDT", "pnl_pct": -0.5065123010130247, "has_sl": true}
{"event": "llm_monitor_response", "symbol": "ZKCUSDT", "data": {"action": "ADJUST_TP_SL", "reasoning": "The trade currently lacks a take profit level, which is essential for risk management. The PnL is slightly negative (-0.51%), but the Direction Score is neutral (0.5), indicating no strong trend reversal signal yet. Setting a TP will ensure we capture profits if the market moves favorably, while the existing SL protects against further downside.", "new_stop_loss": 0.1333, "new_take_profit": 0.1451, "partial_tp_price": 0.142}}
{"event": "llm_monitor_request", "symbol": "ZKCUSDT", "pnl_pct": -0.5065123010130247, "has_sl": true}
{"event": "llm_monitor_response", "symbol": "ZKCUSDT", "data": {"action": "ADJUST_TP_SL", "reasoning": "The trade currently has no take profit level set, which is risky. The PnL is slightly negative (-0.51%), but the Direction Score is neutral (0.5), indicating no strong trend reversal yet. Setting a partial take profit and adjusting the stop-loss will help manage risk while allowing the trade room to develop.", "new_stop_loss": 0.1333, "new_take_profit": 0.1451, "partial_tp_price": 0.142}}
{"event": "llm_monitor_request", "symbol": "ZKCUSDT", "pnl_pct": -0.5788712011577425, "has_sl": false}
{"event": "llm_monitor_response", "symbol": "ZKCUSDT", "data": {"action": "ADJUST_TP_SL", "reasoning": "The trade currently lacks a stop loss (SL) and take profit (TP), which are essential for risk management. Although the PnL is slightly negative (-0.58%), the Direction Score is neutral (0.5), indicating no strong trend invalidation. Therefore, setting SL and TP levels is prioritized over closing the position.", "new_stop_loss": 0.134, "new_take_profit": 0.145, "partial_tp_price": 0.142}}
{"event": "llm_monitor_request", "symbol": "ZKCUSDT", "pnl_pct": 0.08009406657018814, "has_sl": false}
{"event": "llm_monitor_response", "symbol": "ZKCUSDT", "data": {"action": "ADJUST_TP_SL", "reasoning": "The trade currently lacks a stop loss (SL) and take profit (TP), which are essential for risk management. The PnL is minimal (0.08%), and the trend direction score is neutral (0.5), so there's no immediate reason to close the trade. Setting SL and TP will help protect capital and lock in profits if the trade moves favorably.", "new_stop_loss": "0.1340", "new_take_profit": "0.1450", "partial_tp_price": "0.1420"}}
{"event": "market_data_fetched", "symbol": "ZKCUSDT", "duration_ms": 2249, "kline_count": 100, "current_price": 0.1386}
{"event": "analysis_generated", "symbol": "ZKCUSDT", "duration_ms": 2255, "score": 65, "direction_score": 2.5, "current_price": 0.1387}
{"event": "llm_monitor_request", "symbol": "ZKCUSDT", "pnl_pct": 0.36179450072358904, "has_sl": false}
{"event": "llm_monitor_response", "symbol": "ZKCUSDT", "data": {"action": "ADJUST_TP_SL", "reasoning": "The trade has a positive PnL (0.36%) but lacks stop-loss and take-profit levels. The Direction Score of 2.5 suggests weak trend confirmation, so setting risk management parameters is critical. Since the PnL is below 1.5%, we will not move SL to break-even yet but will define initial SL and TP levels.", "new_stop_loss": 0.134, "new_take_profit": 0.142, "partial_tp_price": null}}
{"event": "llm_monitor_request", "symbol": "ZKCUSDT", "pnl_pct": 1.203371924746744, "has_sl": false}
{"event": "llm_monitor_response", "symbol": "ZKCUSDT", "data": {"action": "ADJUST_TP_SL", "reasoning": "The trade has a positive PnL of 1.20%, but lacks both stop loss (SL) and take profit (TP) levels. Given the Direction Score of 2.5 (neutral/weak trend), it's prudent to set risk management parameters. Since the PnL is not yet above 1.5%, we won't move SL to break-even yet, but we should define SL and TP to protect capital and lock in profits if the trend continues.", "new_stop_loss": 0.134, "new_take_profit": 0.142, "partial_tp_price": null}}
