{"event": "market_data_fetched", "symbol": "NOMUSDT", "duration_ms": 2231, "kline_count": 100, "current_price": 0.010908}
{"event": "analysis_generated", "symbol": "NOMUSDT", "duration_ms": 2236, "score": 70, "direction_score": -0.5, "current_price": 0.010904}
{"event": "llm_monitor_request", "symbol": "NOMUSDT", "pnl_pct": -0.4646213377556661, "has_sl": false}
{"event": "llm_monitor_response", "symbol": "NOMUSDT", "data": {"action": "ADJUST_TP_SL", "reasoning": "The trade has a negative PnL (-0.46%) and lacks a stop loss, which exposes the position to unnecessary risk. The Direction Score is slightly negative (-0.5), indicating weak bearish momentum, but the overall score is acceptable (70). Setting a stop loss and take profit will help manage risk while allowing the trade to potentially recover and reach the target. Since 'Partial TP' is needed, a partial take profit level will be set to lock in some gains if the price moves favorably.", "new_stop_loss": 0.011, "new_take_profit": 0.0102, "partial_tp_price": 0.0105}}
{"event": "market_data_fetched", "symbol": "NOMUSDT", "duration_ms": 2662, "kline_count": 100, "current_price": 0.010984}
{"event": "analysis_generated", "symbol": "NOMUSDT", "duration_ms": 2667, "score": 50, "direction_score": -0.5, "current_price": 0.010984}
{"event": "llm_monitor_request", "symbol": "NOMUSDT", "pnl_pct": -1.2372397272894784, "has_sl": false}
{"event": "llm_monitor_response", "symbol": "NOMUSDT", "data": {"action": "ADJUST_TP_SL", "reasoning": "The trade currently lacks stop-loss and take-profit levels, which are essential for risk management. Although the PnL is negative (-1.24%) and the direction score is slightly bearish (-0.5), the overall score is neutral (50), suggesting the trade is not yet invalid. Setting SL and TP levels will help manage risk and lock in potential profits.", "new_stop_loss": 0.011, "new_take_profit": 0.0105, "partial_tp_price": 0.0107}}
{"event": "market_data_fetched", "symbol": "NOMUSDT", "duration_ms": 2223, "kline_count": 100, "current_price": 0.010377}
{"event": "analysis_generated", "symbol": "NOMUSDT", "duration_ms": 2230, "score": 70, "direction_score": -3.5, "current_price": 0.010384}
{"event": "llm_monitor_request", "symbol": "NOMUSDT", "pnl_pct": -0.08350187806992197, "has_sl": false}
{"event": "llm_monitor_response", "symbol": "NOMUSDT", "data": {"action": "ADJUST_TP_SL", "reasoning": "The trade has a negative PnL (-0.08%) and lacks both stop loss and take profit levels, which exposes the position to unnecessary risk. The Direction Score of -3.5 suggests weak bearish momentum, but the overall Score of 70 indicates the trade still has some validity. Setting proper risk management parameters is critical.", "new_stop_loss": 0.01048, "new_take_profit": 0.01028, "partial_tp_price": 0.01034}}
{"event": "market_data_fetched", "symbol": "NOMUSDT", "duration_ms": 2222, "kline_count": 100, "current_price": 0.010435}
{"event": "analysis_generated", "symbol": "NOMUSDT", "duration_ms": 2230, "score": 70, "direction_score": -3.5, "current_price": 0.010447}
{"event": "llm_monitor_request", "symbol": "NOMUSDT", "pnl_pct": -0.6549166907444862, "has_sl": true}
{"event": "llm_monitor_response", "symbol": "NOMUSDT", "data": {"action": "ADJUST_TP_SL", "reasoning": "The trade has a negative PnL (-0.65%) and the Direction Score is negative (-3.5), indicating weak bearish momentum. However, the overall score is still acceptable (70), so instead of closing, we will adjust the stop-loss and take-profit levels to better manage risk. Since 'Partial TP' is needed, we will set a partial take-profit level.", "new_stop_loss": 0.01045, "new_take_profit": 0.01025, "partial_tp_price": 0.01033}}
{"event": "market_data_fetched", "symbol": "NOMUSDT", "duration_ms": 2235, "kline_count": 100, "current_price": 0.010381}
{"event": "analysis_generated", "symbol": "NOMUSDT", "duration_ms": 2243, "score": 65, "direction_score": -3.5, "current_price": 0.010381}
{"event": "llm_monitor_request", "symbol": "NOMUSDT", "pnl_pct": 0.16947876399068398, "has_sl": false}
{"event": "market_data_fetched", "symbol": "NOMUSDT", "duration_ms": 3109, "kline_count": 100, "current_price": 0.010425}
{"event": "analysis_generated", "symbol": "NOMUSDT", "duration_ms": 3114, "score": 70, "direction_score": -2.5, "current_price": 0.010425}
{"event": "llm_monitor_request", "symbol": "NOMUSDT", "pnl_pct": -0.24532603840285055, "has_sl": false}
{"event": "llm_monitor_response", "symbol": "NOMUSDT", "data": {"action": "ADJUST_TP_SL", "reasoning": "The trade has a negative PnL (-0.25%) and lacks a stop loss, which is risky. The Direction Score of -2.5 suggests weak bearish momentum, but the overall score of 70 indicates the trade still has potential. Setting a stop loss and take profit will help manage risk while allowing the trade to develop.", "new_stop_loss": 0.0105, "new_take_profit": 0.009895, "partial_tp_price": 0.0101}}
{"event": "market_data_fetched", "symbol": "NOMUSDT", "duration_ms": 2218, "kline_count": 100, "current_price": 0.010397}
{"event": "analysis_generated", "symbol": "NOMUSDT", "duration_ms": 2225, "score": 85, "direction_score": -4.5, "current_price": 0.010405}
{"event": "llm_monitor_request", "symbol": "NOMUSDT", "pnl_pct": -0.08190352065800496, "has_sl": true}
{"event": "llm_monitor_response", "symbol": "NOMUSDT", "data": {"action": "ADJUST_TP_SL", "reasoning": "The trade has a negative PnL (-0.08%) and the direction score is slightly negative (-4.5), but the overall score is high (85), indicating the trade still has potential. The stop loss and take profit are set, but the partial TP is needed to secure some profit early. Adjusting the TP/SL to lock in partial profits and manage risk.", "new_stop_loss": 0.0105, "new_take_profit": 0.009895, "partial_tp_price": 0.0101}}
{"event": "market_data_fetched", "symbol": "NOMUSDT", "duration_ms": 2327, "kline_count": 100, "current_price": 0.010436}
{"event": "analysis_generated", "symbol": "NOMUSDT", "duration_ms": 2332, "score": 70, "direction_score": -2.5, "current_price": 0.010452}
{"event": "llm_monitor_request", "symbol": "NOMUSDT", "pnl_pct": -0.47604018110145613, "has_sl": true}
{"event": "llm_monitor_response", "symbol": "NOMUSDT", "data": {"action": "ADJUST_TP_SL", "reasoning": "The trade has a negative PnL (-0.48%) and the Direction Score is slightly negative (-2.5), indicating weak bearish momentum. However, the overall score is 70, suggesting the trade still has some merit. Since there is no TP set and partial TP is needed, we will adjust the SL and set a TP to manage risk and secure potential profits.", "new_stop_loss": 0.0105, "new_take_profit": 0.0103, "partial_tp_price": 0.01035}}
{"event": "market_data_fetched", "symbol": "NOMUSDT", "duration_ms": 2242, "kline_count": 100, "current_price": 0.010374}
{"event": "analysis_generated", "symbol": "NOMUSDT", "duration_ms": 2245, "score": 65, "direction_score": -3.5, "current_price": 0.010374}
{"event": "llm_monitor_request", "symbol": "NOMUSDT", "pnl_pct": 0.2631102535692014, "has_sl": true}
{"event": "llm_monitor_response", "symbol": "NOMUSDT", "data": {"action": "HOLD", "reasoning": "The current PnL is positive at 0.26%, and the profit is locked, indicating some level of protection. The Direction Score is slightly negative (-3.5), but not strongly invalidating the trend. The existing SL and TP are appropriately set relative to the entry price. Since the PnL is not yet above 1.5%, moving SL to break-even is premature. No immediate adjustment is needed unless the trend weakens further or PnL improves significantly.", "new_stop_loss": null, "new_take_profit": null, "partial_tp_price": null}}
{"event": "market_data_fetched", "symbol": "NOMUSDT", "duration_ms": 2220, "kline_count": 100, "current_price": 0.010413}
{"event": "analysis_generated", "symbol": "NOMUSDT", "duration_ms": 2224, "score": 85, "direction_score": -2.5, "current_price": 0.01041}
{"event": "llm_monitor_request", "symbol": "NOMUSDT", "pnl_pct": -0.043451163541570706, "has_sl": true}
{"event": "llm_monitor_response", "symbol": "NOMUSDT", "data": {"action": "HOLD", "reasoning": "The PnL is only slightly negative (-0.04%), and the direction score (-2.5) does not strongly indicate an invalid trend. The current stop loss (0.0105) and take profit (0.0103) are appropriately set, and there is no need for partial take profit at this stage. Since the trade is still within acceptable risk parameters and the trend has not been invalidated, holding the position is the best course of action.", "new_stop_loss": null, "new_take_profit": null, "partial_tp_price": null}}
{"event": "market_data_fetched", "symbol": "NOMUSDT", "duration_ms": 2218, "kline_count": 100, "current_price": 0.010411}
{"event": "analysis_generated", "symbol": "NOMUSDT", "duration_ms": 2225, "score": 55, "direction_score": -3.5, "current_price": 0.010424}
{"event": "llm_monitor_request", "symbol": "NOMUSDT", "pnl_pct": -0.15880823489087348, "has_sl": true}
{"event": "llm_monitor_response", "symbol": "NOMUSDT", "data": {"action": "HOLD", "reasoning": "The PnL is only slightly negative (-0.16%) and the Direction Score is not strongly against the position (-3.5). The current SL and TP are appropriately set, and there is no immediate need to adjust them. Since the profit is not locked and the trend is not invalid, holding the position is the best course of action for now.", "new_stop_loss": null, "new_take_profit": null, "partial_tp_price": null}}
{"event": "market_data_fetched", "symbol": "NOMUSDT", "duration_ms": 2224, "kline_count": 100, "current_price": 0.010433}
{"event": "analysis_generated", "symbol": "NOMUSDT", "duration_ms": 2226, "score": 55, "direction_score": -1.5, "current_price": 0.010434}
{"event": "llm_monitor_request", "symbol": "NOMUSDT", "pnl_pct": -0.3748143509924429, "has_sl": true}
{"event": "llm_monitor_response", "symbol": "NOMUSDT", "data": {"action": "HOLD", "reasoning": "The PnL is currently at -0.37%, which is not significantly bad, and the Direction Score of -1.5 suggests a weak but not invalid trend. Since the Profit Locked is True and there's no immediate need for Partial TP, holding the position is prudent to see if the trend develops further.", "new_stop_loss": null, "new_take_profit": null, "partial_tp_price": null}}
{"event": "market_data_fetched", "symbol": "NOMUSDT", "duration_ms": 2224, "kline_count": 100, "current_price": 0.010355}
{"event": "analysis_generated", "symbol": "NOMUSDT", "duration_ms": 2232, "score": 70, "direction_score": -1.5, "current_price": 0.010349}
{"event": "llm_monitor_request", "symbol": "NOMUSDT", "pnl_pct": 0.36635483242682737, "has_sl": true}
{"event": "llm_monitor_response", "symbol": "NOMUSDT", "data": {"action": "HOLD", "reasoning": "The PnL is currently positive at 0.37%, but not yet at the threshold (>1.5%) to consider moving SL to break-even. The Direction Score is slightly negative (-1.5), indicating weak bearish momentum, but not strong enough to invalidate the trend. The existing SL (0.0105) and TP (0.0103) are appropriately set relative to the entry (0.0104024832285). Since the trade is still within acceptable risk parameters and the trend isn't clearly invalidated, holding is the optimal action.", "new_stop_loss": null, "new_take_profit": null, "partial_tp_price": null}}
{"event": "market_data_fetched", "symbol": "NOMUSDT", "duration_ms": 2224, "kline_count": 100, "current_price": 0.010414}
{"event": "analysis_generated", "symbol": "NOMUSDT", "duration_ms": 2230, "score": 70, "direction_score": -3.5, "current_price": 0.010397}
{"event": "llm_monitor_request", "symbol": "NOMUSDT", "pnl_pct": -0.09151660993711354, "has_sl": true}
{"event": "llm_monitor_response", "symbol": "NOMUSDT", "data": {"action": "HOLD", "reasoning": "The PnL is only slightly negative (-0.09%), and the Direction Score (-3.5) does not strongly indicate an invalid trend. The current SL (0.0105) and TP (0.0103) are appropriately set, and there is no need for partial TP. Since the trade is still within acceptable risk parameters and the trend has not been invalidated, holding the position is the best course of action.", "new_stop_loss": null, "new_take_profit": null, "partial_tp_price": null}}
